// Jest Snapshot v1, https://goo.gl/fbAQLP

exports[`<ResumePage /> matches snapshot 1`] = `ShallowWrapper {}`;
