// Jest Snapshot v1, https://goo.gl/fbAQLP

exports[`<TextInput /> matches snapshot 1`] = `
<styled.div
  data-test="text-input"
>
  <styled.textarea />
  <styled.div />
</styled.div>
`;
