// Jest Snapshot v1, https://goo.gl/fbAQLP

exports[`<FileInput />  1`] = `ShallowWrapper {}`;
