// Jest Snapshot v1, https://goo.gl/fbAQLP

exports[`<ForgotPasswordForm /> matches snapshot 1`] = `
<styled.div
  data-test="forgot-password-form"
>
  <styled.h3
    lang="eng"
  >
    Please, enter your email address, and we will send you instructions on password restoration process.
  </styled.h3>
  <styled.form
    autoComplete="on"
    data-test="forgot-password-form-element"
    onSubmit={[Function]}
  >
    <FormInput
      label="Email"
      name="userEmail"
      onInputChange={[Function]}
      required={true}
      type="email"
      value=""
    />
    <Button
      type="submit"
      value="Send"
    />
  </styled.form>
</styled.div>
`;
