// Jest Snapshot v1, https://goo.gl/fbAQLP

exports[`<BlogPage /> matches snapshot 1`] = `ShallowWrapper {}`;
