// Jest Snapshot v1, https://goo.gl/fbAQLP

exports[`<RestorePasswordForm /> to match snapshot 1`] = `
<styled.div
  data-test="restore-password-form"
>
  <styled.h3
    lang="eng"
  >
    Please, enter new password.
  </styled.h3>
  <styled.form
    autoComplete="off"
    data-test="restore-password-form-element"
    onSubmit={[Function]}
  >
    <FormInput
      data-test="restore-password-form-input"
      label="New Password"
      name="newPassword"
      onInputChange={[Function]}
      required={true}
      type="password"
      value=""
    />
    <FormInput
      data-test="restore-password-form-input"
      label="Confirm New Password"
      name="newPasswordConfirm"
      onInputChange={[Function]}
      required={true}
      type="password"
      value=""
    />
    <Button
      data-test="restore-password-form-submit"
      type="submit"
      value="Restore"
    />
  </styled.form>
</styled.div>
`;
