// Jest Snapshot v1, https://goo.gl/fbAQLP

exports[`<HomeCards /> matches snapshot 1`] = `ShallowWrapper {}`;
