// Jest Snapshot v1, https://goo.gl/fbAQLP

exports[`<MessagesHolder /> matches snapshot 1`] = `ShallowWrapper {}`;
