// Jest Snapshot v1, https://goo.gl/fbAQLP

exports[`<CollectionHolder /> matches snapshot 1`] = `ShallowWrapper {}`;
