// Jest Snapshot v1, https://goo.gl/fbAQLP

exports[`<BlogsHolder /> matches snapshot  1`] = `1`;
