// Jest Snapshot v1, https://goo.gl/fbAQLP

exports[`<LazzySpinner /> matches snapshot 1`] = `
<styled.div
  data-test="lazzy-spinner"
>
  <styled.div
    data-test="lazzy-spinner-square"
  />
</styled.div>
`;
