// Jest Snapshot v1, https://goo.gl/fbAQLP

exports[`<CreateUpdateUserForm /> matches snapshot 1`] = `ShallowWrapper {}`;
