// Jest Snapshot v1, https://goo.gl/fbAQLP

exports[`<BlogCreateRules /> matches snapshot 1`] = `ShallowWrapper {}`;
