// Jest Snapshot v1, https://goo.gl/fbAQLP

exports[`<FeedbackCard /> matches snapshot 1`] = `ShallowWrapper {}`;
