// Jest Snapshot v1, https://goo.gl/fbAQLP

exports[`<BlogCard /> matches snapshot 1`] = `ShallowWrapper {}`;
