// Jest Snapshot v1, https://goo.gl/fbAQLP

exports[`<FeedbackView /> matches snapshot 1`] = `ShallowWrapper {}`;
